// Jest Snapshot v1, https://goo.gl/fbAQLP

exports[`NewCardForm will match the NewCardForm snapshot 1`] = `
<div>
  hi
</div>
`;
